// Jest Snapshot v1, https://goo.gl/fbAQLP

exports[`CubismGraph renders correctly 1`] = `"<canvas width=\\"1440\\" height=\\"30\\"></canvas>"`;
